[    1237ms] [INFO] %cDownload the React DevTools for a better development experience: https://react.dev/link/react-devtools font-weight:bold @ http://localhost:3000/_next/static/chunks/0pqw_next_dist_1ijfce2._.js:776
[    1240ms] [ERROR] eval() is not supported in this environment. If this page was served with a `Content-Security-Policy` header, make sure that `unsafe-eval` is included. React requires eval() in development mode for various debugging features like reconstructing callstacks from a different environment.
React will never use eval() in production mode @ http://localhost:3000/_next/static/chunks/0pqw_next_dist_1ijfce2._.js:1052
[    1320ms] [LOG] [HMR] connected @ http://localhost:3000/_next/static/chunks/0pqw_next_dist_1ijfce2._.js:776
[    1380ms] [ERROR] Failed to load resource: the server responded with a status of 404 (Not Found) @ http://localhost:3000/_next/image?url=https%3A%2F%2Fimages.unsplash.com%2Fphoto-1524178232363-1fb28f74b0cd%3Fauto%3Dformat%26fit%3Dcrop%26q%3D80%26w%3D1200&w=1920&q=75:0
[    1417ms] [ERROR] Failed to load resource: the server responded with a status of 404 (Not Found) @ http://localhost:3000/favicon.ico:0
[    1568ms] [WARNING] Image with src "https://images.unsplash.com/photo-1524178232363-1fb28f74b0cd?auto=format&fit=crop&q=80&w=1200" has "fill" but is missing "sizes" prop. Please add it to improve page performance. Read more: https://nextjs.org/docs/api-reference/next/image#sizes @ http://localhost:3000/_next/static/chunks/0pqw_next_dist_1ijfce2._.js:776
[  812158ms] [LOG] [Fast Refresh] rebuilding @ http://localhost:3000/_next/static/chunks/0pqw_next_dist_1ijfce2._.js:776
[  812239ms] [LOG] [Fast Refresh] done in 145ms @ http://localhost:3000/_next/static/chunks/0pqw_next_dist_1ijfce2._.js:776
[  817740ms] [LOG] [Fast Refresh] done in 145ms @ http://localhost:3000/_next/static/chunks/0pqw_next_dist_1ijfce2._.js:776
[  819059ms] [LOG] [Fast Refresh] done in 145ms @ http://localhost:3000/_next/static/chunks/0pqw_next_dist_1ijfce2._.js:776
[  819476ms] [LOG] [Fast Refresh] done in 145ms @ http://localhost:3000/_next/static/chunks/0pqw_next_dist_1ijfce2._.js:776
[  819710ms] [LOG] [Fast Refresh] done in 145ms @ http://localhost:3000/_next/static/chunks/0pqw_next_dist_1ijfce2._.js:776
[  820580ms] [LOG] [Fast Refresh] done in 145ms @ http://localhost:3000/_next/static/chunks/0pqw_next_dist_1ijfce2._.js:776
[  820797ms] [LOG] [Fast Refresh] done in 145ms @ http://localhost:3000/_next/static/chunks/0pqw_next_dist_1ijfce2._.js:776
[  820919ms] [LOG] [Fast Refresh] done in 145ms @ http://localhost:3000/_next/static/chunks/0pqw_next_dist_1ijfce2._.js:776
[  825497ms] [LOG] [Fast Refresh] done in 145ms @ http://localhost:3000/_next/static/chunks/0pqw_next_dist_1ijfce2._.js:776
[  827816ms] [LOG] [Fast Refresh] done in 145ms @ http://localhost:3000/_next/static/chunks/0pqw_next_dist_1ijfce2._.js:776
[  827862ms] [LOG] [Fast Refresh] done in 145ms @ http://localhost:3000/_next/static/chunks/0pqw_next_dist_1ijfce2._.js:776
[  828762ms] [LOG] [Fast Refresh] done in 145ms @ http://localhost:3000/_next/static/chunks/0pqw_next_dist_1ijfce2._.js:776
[  843221ms] [LOG] [Fast Refresh] done in 145ms @ http://localhost:3000/_next/static/chunks/0pqw_next_dist_1ijfce2._.js:776
[  843266ms] [LOG] [Fast Refresh] done in 145ms @ http://localhost:3000/_next/static/chunks/0pqw_next_dist_1ijfce2._.js:776
[  848089ms] [LOG] [Fast Refresh] done in 145ms @ http://localhost:3000/_next/static/chunks/0pqw_next_dist_1ijfce2._.js:776
[  848152ms] [LOG] [Fast Refresh] done in 145ms @ http://localhost:3000/_next/static/chunks/0pqw_next_dist_1ijfce2._.js:776
[  848214ms] [LOG] [Fast Refresh] done in 145ms @ http://localhost:3000/_next/static/chunks/0pqw_next_dist_1ijfce2._.js:776
[  848290ms] [LOG] [Fast Refresh] done in 145ms @ http://localhost:3000/_next/static/chunks/0pqw_next_dist_1ijfce2._.js:776
[  848336ms] [LOG] [Fast Refresh] done in 145ms @ http://localhost:3000/_next/static/chunks/0pqw_next_dist_1ijfce2._.js:776
[  850859ms] [LOG] [Fast Refresh] done in 145ms @ http://localhost:3000/_next/static/chunks/0pqw_next_dist_1ijfce2._.js:776
[  850953ms] [LOG] [Fast Refresh] done in 145ms @ http://localhost:3000/_next/static/chunks/0pqw_next_dist_1ijfce2._.js:776
[  851076ms] [LOG] [Fast Refresh] done in 145ms @ http://localhost:3000/_next/static/chunks/0pqw_next_dist_1ijfce2._.js:776
[  852990ms] [LOG] [Fast Refresh] done in 145ms @ http://localhost:3000/_next/static/chunks/0pqw_next_dist_1ijfce2._.js:776
[  853053ms] [LOG] [Fast Refresh] done in 145ms @ http://localhost:3000/_next/static/chunks/0pqw_next_dist_1ijfce2._.js:776
[  853176ms] [LOG] [Fast Refresh] done in 145ms @ http://localhost:3000/_next/static/chunks/0pqw_next_dist_1ijfce2._.js:776
[  854750ms] [LOG] [Fast Refresh] done in 145ms @ http://localhost:3000/_next/static/chunks/0pqw_next_dist_1ijfce2._.js:776
[  854844ms] [LOG] [Fast Refresh] done in 145ms @ http://localhost:3000/_next/static/chunks/0pqw_next_dist_1ijfce2._.js:776
[  854965ms] [LOG] [Fast Refresh] done in 145ms @ http://localhost:3000/_next/static/chunks/0pqw_next_dist_1ijfce2._.js:776
[  855713ms] [LOG] [Fast Refresh] done in 145ms @ http://localhost:3000/_next/static/chunks/0pqw_next_dist_1ijfce2._.js:776
[  855822ms] [LOG] [Fast Refresh] done in 145ms @ http://localhost:3000/_next/static/chunks/0pqw_next_dist_1ijfce2._.js:776
[  855954ms] [LOG] [Fast Refresh] done in 145ms @ http://localhost:3000/_next/static/chunks/0pqw_next_dist_1ijfce2._.js:776
[  856491ms] [LOG] [Fast Refresh] done in 145ms @ http://localhost:3000/_next/static/chunks/0pqw_next_dist_1ijfce2._.js:776
[  856615ms] [LOG] [Fast Refresh] done in 145ms @ http://localhost:3000/_next/static/chunks/0pqw_next_dist_1ijfce2._.js:776
[  856730ms] [LOG] [Fast Refresh] done in 145ms @ http://localhost:3000/_next/static/chunks/0pqw_next_dist_1ijfce2._.js:776
[  856801ms] [LOG] [Fast Refresh] done in 145ms @ http://localhost:3000/_next/static/chunks/0pqw_next_dist_1ijfce2._.js:776
[  857312ms] [LOG] [Fast Refresh] done in 145ms @ http://localhost:3000/_next/static/chunks/0pqw_next_dist_1ijfce2._.js:776
[  857451ms] [LOG] [Fast Refresh] done in 145ms @ http://localhost:3000/_next/static/chunks/0pqw_next_dist_1ijfce2._.js:776
[  973763ms] [LOG] [Fast Refresh] rebuilding @ http://localhost:3000/_next/static/chunks/0pqw_next_dist_1ijfce2._.js:776
[  973878ms] [WARNING] [Fast Refresh] performing full reload

Fast Refresh will perform a full reload when you edit a file that's imported by modules outside of the React rendering tree.
You might have a file which exports a React component but also exports a value that is imported by a non-React component file.
Consider migrating the non-React component export to a separate file and importing it into both files.

It is also possible the parent component of the component you edited is a class component, which disables Fast Refresh.
Fast Refresh requires at least one parent function component in your React tree. @ http://localhost:3000/_next/static/chunks/0pqw_next_dist_1ijfce2._.js:776
[  973971ms] [LOG] [Fast Refresh] done in 221ms @ http://localhost:3000/_next/static/chunks/0pqw_next_dist_1ijfce2._.js:776
[  974295ms] [INFO] %cDownload the React DevTools for a better development experience: https://react.dev/link/react-devtools font-weight:bold @ http://localhost:3000/_next/static/chunks/0pqw_next_dist_1ijfce2._.js:776
[  974300ms] [ERROR] eval() is not supported in this environment. If this page was served with a `Content-Security-Policy` header, make sure that `unsafe-eval` is included. React requires eval() in development mode for various debugging features like reconstructing callstacks from a different environment.
React will never use eval() in production mode @ http://localhost:3000/_next/static/chunks/0pqw_next_dist_1ijfce2._.js:1052
[  974347ms] [LOG] [HMR] connected @ http://localhost:3000/_next/static/chunks/0pqw_next_dist_1ijfce2._.js:776
[  975094ms] [ERROR] Failed to load resource: the server responded with a status of 404 (Not Found) @ http://localhost:3000/_next/image?url=https%3A%2F%2Fimages.unsplash.com%2Fphoto-1524178232363-1fb28f74b0cd%3Fauto%3Dformat%26fit%3Dcrop%26q%3D80%26w%3D1200&w=1920&q=75:0
[  984725ms] [LOG] [Fast Refresh] rebuilding @ http://localhost:3000/_next/static/chunks/0pqw_next_dist_1ijfce2._.js:776
[  984917ms] [WARNING] [Fast Refresh] performing full reload

Fast Refresh will perform a full reload when you edit a file that's imported by modules outside of the React rendering tree.
You might have a file which exports a React component but also exports a value that is imported by a non-React component file.
Consider migrating the non-React component export to a separate file and importing it into both files.

It is also possible the parent component of the component you edited is a class component, which disables Fast Refresh.
Fast Refresh requires at least one parent function component in your React tree. @ http://localhost:3000/_next/static/chunks/0pqw_next_dist_1ijfce2._.js:776
[  985003ms] [LOG] [Fast Refresh] done in 295ms @ http://localhost:3000/_next/static/chunks/0pqw_next_dist_1ijfce2._.js:776
[  985551ms] [INFO] %cDownload the React DevTools for a better development experience: https://react.dev/link/react-devtools font-weight:bold @ http://localhost:3000/_next/static/chunks/0pqw_next_dist_1ijfce2._.js:776
[  985557ms] [ERROR] eval() is not supported in this environment. If this page was served with a `Content-Security-Policy` header, make sure that `unsafe-eval` is included. React requires eval() in development mode for various debugging features like reconstructing callstacks from a different environment.
React will never use eval() in production mode @ http://localhost:3000/_next/static/chunks/0pqw_next_dist_1ijfce2._.js:1052
[  985663ms] [LOG] [HMR] connected @ http://localhost:3000/_next/static/chunks/0pqw_next_dist_1ijfce2._.js:776
[  985747ms] [ERROR] Failed to load resource: the server responded with a status of 404 (Not Found) @ http://localhost:3000/_next/image?url=https%3A%2F%2Fimages.unsplash.com%2Fphoto-1524178232363-1fb28f74b0cd%3Fauto%3Dformat%26fit%3Dcrop%26q%3D80%26w%3D1200&w=1920&q=75:0
[  985944ms] [WARNING] Image with src "https://images.unsplash.com/photo-1524178232363-1fb28f74b0cd?auto=format&fit=crop&q=80&w=1200" has "fill" but is missing "sizes" prop. Please add it to improve page performance. Read more: https://nextjs.org/docs/api-reference/next/image#sizes @ http://localhost:3000/_next/static/chunks/0pqw_next_dist_1ijfce2._.js:776
[  994473ms] [LOG] [Fast Refresh] rebuilding @ http://localhost:3000/_next/static/chunks/0pqw_next_dist_1ijfce2._.js:776
[  994639ms] [LOG] [Fast Refresh] done in 205ms @ http://localhost:3000/_next/static/chunks/0pqw_next_dist_1ijfce2._.js:776
[ 1001129ms] [LOG] [Fast Refresh] rebuilding @ http://localhost:3000/_next/static/chunks/0pqw_next_dist_1ijfce2._.js:776
[ 1001351ms] [WARNING] [Fast Refresh] performing full reload

Fast Refresh will perform a full reload when you edit a file that's imported by modules outside of the React rendering tree.
You might have a file which exports a React component but also exports a value that is imported by a non-React component file.
Consider migrating the non-React component export to a separate file and importing it into both files.

It is also possible the parent component of the component you edited is a class component, which disables Fast Refresh.
Fast Refresh requires at least one parent function component in your React tree. @ http://localhost:3000/_next/static/chunks/0pqw_next_dist_1ijfce2._.js:776
[ 1001467ms] [LOG] [Fast Refresh] done in 325ms @ http://localhost:3000/_next/static/chunks/0pqw_next_dist_1ijfce2._.js:776
[ 1001803ms] [INFO] %cDownload the React DevTools for a better development experience: https://react.dev/link/react-devtools font-weight:bold @ http://localhost:3000/_next/static/chunks/0pqw_next_dist_1ijfce2._.js:776
[ 1001805ms] [ERROR] eval() is not supported in this environment. If this page was served with a `Content-Security-Policy` header, make sure that `unsafe-eval` is included. React requires eval() in development mode for various debugging features like reconstructing callstacks from a different environment.
React will never use eval() in production mode @ http://localhost:3000/_next/static/chunks/0pqw_next_dist_1ijfce2._.js:1052
[ 1001854ms] [LOG] [HMR] connected @ http://localhost:3000/_next/static/chunks/0pqw_next_dist_1ijfce2._.js:776
[ 1002021ms] [ERROR] Failed to load resource: the server responded with a status of 404 (Not Found) @ http://localhost:3000/_next/image?url=https%3A%2F%2Fimages.unsplash.com%2Fphoto-1524178232363-1fb28f74b0cd%3Fauto%3Dformat%26fit%3Dcrop%26q%3D80%26w%3D1200&w=1920&q=75:0
[ 1002124ms] [WARNING] Image with src "https://images.unsplash.com/photo-1524178232363-1fb28f74b0cd?auto=format&fit=crop&q=80&w=1200" has "fill" but is missing "sizes" prop. Please add it to improve page performance. Read more: https://nextjs.org/docs/api-reference/next/image#sizes @ http://localhost:3000/_next/static/chunks/0pqw_next_dist_1ijfce2._.js:776
[ 1008412ms] [LOG] [Fast Refresh] rebuilding @ http://localhost:3000/_next/static/chunks/0pqw_next_dist_1ijfce2._.js:776
[ 1008550ms] [WARNING] [Fast Refresh] performing full reload

Fast Refresh will perform a full reload when you edit a file that's imported by modules outside of the React rendering tree.
You might have a file which exports a React component but also exports a value that is imported by a non-React component file.
Consider migrating the non-React component export to a separate file and importing it into both files.

It is also possible the parent component of the component you edited is a class component, which disables Fast Refresh.
Fast Refresh requires at least one parent function component in your React tree. @ http://localhost:3000/_next/static/chunks/0pqw_next_dist_1ijfce2._.js:776
[ 1008588ms] [LOG] [Fast Refresh] done in 244ms @ http://localhost:3000/_next/static/chunks/0pqw_next_dist_1ijfce2._.js:776
[ 1008880ms] [INFO] %cDownload the React DevTools for a better development experience: https://react.dev/link/react-devtools font-weight:bold @ http://localhost:3000/_next/static/chunks/0pqw_next_dist_1ijfce2._.js:776
[ 1008883ms] [ERROR] eval() is not supported in this environment. If this page was served with a `Content-Security-Policy` header, make sure that `unsafe-eval` is included. React requires eval() in development mode for various debugging features like reconstructing callstacks from a different environment.
React will never use eval() in production mode @ http://localhost:3000/_next/static/chunks/0pqw_next_dist_1ijfce2._.js:1052
[ 1008920ms] [LOG] [HMR] connected @ http://localhost:3000/_next/static/chunks/0pqw_next_dist_1ijfce2._.js:776
[ 1009180ms] [ERROR] Failed to load resource: the server responded with a status of 404 (Not Found) @ http://localhost:3000/_next/image?url=https%3A%2F%2Fimages.unsplash.com%2Fphoto-1524178232363-1fb28f74b0cd%3Fauto%3Dformat%26fit%3Dcrop%26q%3D80%26w%3D1200&w=1920&q=75:0
[ 1060510ms] [LOG] [Fast Refresh] rebuilding @ http://localhost:3000/_next/static/chunks/0pqw_next_dist_1ijfce2._.js:776
[ 1060518ms] [WARNING] [Fast Refresh] performing full reload

Fast Refresh will perform a full reload when you edit a file that's imported by modules outside of the React rendering tree.
You might have a file which exports a React component but also exports a value that is imported by a non-React component file.
Consider migrating the non-React component export to a separate file and importing it into both files.

It is also possible the parent component of the component you edited is a class component, which disables Fast Refresh.
Fast Refresh requires at least one parent function component in your React tree. @ http://localhost:3000/_next/static/chunks/0pqw_next_dist_1ijfce2._.js:776
[ 1060578ms] [LOG] [Fast Refresh] done in 60ms @ http://localhost:3000/_next/static/chunks/0pqw_next_dist_1ijfce2._.js:776
[ 1060668ms] [LOG] [Fast Refresh] done in 60ms @ http://localhost:3000/_next/static/chunks/0pqw_next_dist_1ijfce2._.js:776
[ 1060784ms] [INFO] %cDownload the React DevTools for a better development experience: https://react.dev/link/react-devtools font-weight:bold @ http://localhost:3000/_next/static/chunks/0pqw_next_dist_1ijfce2._.js:776
[ 1060786ms] [ERROR] eval() is not supported in this environment. If this page was served with a `Content-Security-Policy` header, make sure that `unsafe-eval` is included. React requires eval() in development mode for various debugging features like reconstructing callstacks from a different environment.
React will never use eval() in production mode @ http://localhost:3000/_next/static/chunks/0pqw_next_dist_1ijfce2._.js:1052
[ 1060804ms] [LOG] [HMR] connected @ http://localhost:3000/_next/static/chunks/0pqw_next_dist_1ijfce2._.js:776
[ 1061151ms] [ERROR] Failed to load resource: the server responded with a status of 404 (Not Found) @ http://localhost:3000/_next/image?url=https%3A%2F%2Fimages.unsplash.com%2Fphoto-1524178232363-1fb28f74b0cd%3Fauto%3Dformat%26fit%3Dcrop%26q%3D80%26w%3D1200&w=1920&q=75:0
[ 1074629ms] [LOG] [Fast Refresh] rebuilding @ http://localhost:3000/_next/static/chunks/0pqw_next_dist_1ijfce2._.js:776
[ 1074641ms] [WARNING] [Fast Refresh] performing full reload

Fast Refresh will perform a full reload when you edit a file that's imported by modules outside of the React rendering tree.
You might have a file which exports a React component but also exports a value that is imported by a non-React component file.
Consider migrating the non-React component export to a separate file and importing it into both files.

It is also possible the parent component of the component you edited is a class component, which disables Fast Refresh.
Fast Refresh requires at least one parent function component in your React tree. @ http://localhost:3000/_next/static/chunks/0pqw_next_dist_1ijfce2._.js:776
[ 1074704ms] [LOG] [Fast Refresh] done in 36ms @ http://localhost:3000/_next/static/chunks/0pqw_next_dist_1ijfce2._.js:776
[ 1074929ms] [LOG] [Fast Refresh] done in 36ms @ http://localhost:3000/_next/static/chunks/0pqw_next_dist_1ijfce2._.js:776
[ 1075037ms] [INFO] %cDownload the React DevTools for a better development experience: https://react.dev/link/react-devtools font-weight:bold @ http://localhost:3000/_next/static/chunks/0pqw_next_dist_1ijfce2._.js:776
[ 1075040ms] [ERROR] eval() is not supported in this environment. If this page was served with a `Content-Security-Policy` header, make sure that `unsafe-eval` is included. React requires eval() in development mode for various debugging features like reconstructing callstacks from a different environment.
React will never use eval() in production mode @ http://localhost:3000/_next/static/chunks/0pqw_next_dist_1ijfce2._.js:1052
[ 1075069ms] [LOG] [HMR] connected @ http://localhost:3000/_next/static/chunks/0pqw_next_dist_1ijfce2._.js:776
[ 1075479ms] [ERROR] Failed to load resource: the server responded with a status of 404 (Not Found) @ http://localhost:3000/_next/image?url=https%3A%2F%2Fimages.unsplash.com%2Fphoto-1524178232363-1fb28f74b0cd%3Fauto%3Dformat%26fit%3Dcrop%26q%3D80%26w%3D1200&w=1920&q=75:0
[ 1118743ms] [LOG] [Fast Refresh] rebuilding @ http://localhost:3000/_next/static/chunks/0pqw_next_dist_1ijfce2._.js:776
[ 1118961ms] [WARNING] [Fast Refresh] performing full reload

Fast Refresh will perform a full reload when you edit a file that's imported by modules outside of the React rendering tree.
You might have a file which exports a React component but also exports a value that is imported by a non-React component file.
Consider migrating the non-React component export to a separate file and importing it into both files.

It is also possible the parent component of the component you edited is a class component, which disables Fast Refresh.
Fast Refresh requires at least one parent function component in your React tree. @ http://localhost:3000/_next/static/chunks/0pqw_next_dist_1ijfce2._.js:776
[ 1119058ms] [LOG] [Fast Refresh] done in 324ms @ http://localhost:3000/_next/static/chunks/0pqw_next_dist_1ijfce2._.js:776
[ 1119187ms] [LOG] [Fast Refresh] done in 324ms @ http://localhost:3000/_next/static/chunks/0pqw_next_dist_1ijfce2._.js:776
[ 1119288ms] [INFO] %cDownload the React DevTools for a better development experience: https://react.dev/link/react-devtools font-weight:bold @ http://localhost:3000/_next/static/chunks/0pqw_next_dist_1ijfce2._.js:776
[ 1119290ms] [ERROR] eval() is not supported in this environment. If this page was served with a `Content-Security-Policy` header, make sure that `unsafe-eval` is included. React requires eval() in development mode for various debugging features like reconstructing callstacks from a different environment.
React will never use eval() in production mode @ http://localhost:3000/_next/static/chunks/0pqw_next_dist_1ijfce2._.js:1052
[ 1119310ms] [LOG] [HMR] connected @ http://localhost:3000/_next/static/chunks/0pqw_next_dist_1ijfce2._.js:776
[ 1119603ms] [ERROR] Failed to load resource: the server responded with a status of 404 (Not Found) @ http://localhost:3000/_next/image?url=https%3A%2F%2Fimages.unsplash.com%2Fphoto-1524178232363-1fb28f74b0cd%3Fauto%3Dformat%26fit%3Dcrop%26q%3D80%26w%3D1200&w=1920&q=75:0
[ 1159071ms] [LOG] [Fast Refresh] rebuilding @ http://localhost:3000/_next/static/chunks/0pqw_next_dist_1ijfce2._.js:776
[ 1159118ms] [LOG] [Fast Refresh] done in 21ms @ http://localhost:3000/_next/static/chunks/0pqw_next_dist_1ijfce2._.js:776
[ 1176431ms] [LOG] [Fast Refresh] rebuilding @ http://localhost:3000/_next/static/chunks/0pqw_next_dist_1ijfce2._.js:776
[ 1176733ms] [WARNING] [Fast Refresh] performing full reload

Fast Refresh will perform a full reload when you edit a file that's imported by modules outside of the React rendering tree.
You might have a file which exports a React component but also exports a value that is imported by a non-React component file.
Consider migrating the non-React component export to a separate file and importing it into both files.

It is also possible the parent component of the component you edited is a class component, which disables Fast Refresh.
Fast Refresh requires at least one parent function component in your React tree. @ http://localhost:3000/_next/static/chunks/0pqw_next_dist_1ijfce2._.js:776
[ 1176785ms] [LOG] [Fast Refresh] done in 413ms @ http://localhost:3000/_next/static/chunks/0pqw_next_dist_1ijfce2._.js:776
[ 1176892ms] [LOG] [Fast Refresh] done in 413ms @ http://localhost:3000/_next/static/chunks/0pqw_next_dist_1ijfce2._.js:776
[ 1176999ms] [INFO] %cDownload the React DevTools for a better development experience: https://react.dev/link/react-devtools font-weight:bold @ http://localhost:3000/_next/static/chunks/0pqw_next_dist_1ijfce2._.js:776
[ 1177001ms] [ERROR] eval() is not supported in this environment. If this page was served with a `Content-Security-Policy` header, make sure that `unsafe-eval` is included. React requires eval() in development mode for various debugging features like reconstructing callstacks from a different environment.
React will never use eval() in production mode @ http://localhost:3000/_next/static/chunks/0pqw_next_dist_1ijfce2._.js:1052
[ 1177025ms] [LOG] [HMR] connected @ http://localhost:3000/_next/static/chunks/0pqw_next_dist_1ijfce2._.js:776
[ 1177322ms] [ERROR] Failed to load resource: the server responded with a status of 404 (Not Found) @ http://localhost:3000/_next/image?url=https%3A%2F%2Fimages.unsplash.com%2Fphoto-1524178232363-1fb28f74b0cd%3Fauto%3Dformat%26fit%3Dcrop%26q%3D80%26w%3D1200&w=1920&q=75:0
[ 1208062ms] [LOG] [Fast Refresh] rebuilding @ http://localhost:3000/_next/static/chunks/0pqw_next_dist_1ijfce2._.js:776
[ 1208078ms] [WARNING] [Fast Refresh] performing full reload

Fast Refresh will perform a full reload when you edit a file that's imported by modules outside of the React rendering tree.
You might have a file which exports a React component but also exports a value that is imported by a non-React component file.
Consider migrating the non-React component export to a separate file and importing it into both files.

It is also possible the parent component of the component you edited is a class component, which disables Fast Refresh.
Fast Refresh requires at least one parent function component in your React tree. @ http://localhost:3000/_next/static/chunks/0pqw_next_dist_1ijfce2._.js:776
[ 1208135ms] [LOG] [Fast Refresh] done in 101ms @ http://localhost:3000/_next/static/chunks/0pqw_next_dist_1ijfce2._.js:776
[ 1208386ms] [INFO] %cDownload the React DevTools for a better development experience: https://react.dev/link/react-devtools font-weight:bold @ http://localhost:3000/_next/static/chunks/0pqw_next_dist_1ijfce2._.js:776
[ 1208387ms] [ERROR] eval() is not supported in this environment. If this page was served with a `Content-Security-Policy` header, make sure that `unsafe-eval` is included. React requires eval() in development mode for various debugging features like reconstructing callstacks from a different environment.
React will never use eval() in production mode @ http://localhost:3000/_next/static/chunks/0pqw_next_dist_1ijfce2._.js:1052
[ 1208419ms] [LOG] [HMR] connected @ http://localhost:3000/_next/static/chunks/0pqw_next_dist_1ijfce2._.js:776
[ 1208699ms] [ERROR] Failed to load resource: the server responded with a status of 404 (Not Found) @ http://localhost:3000/_next/image?url=https%3A%2F%2Fimages.unsplash.com%2Fphoto-1524178232363-1fb28f74b0cd%3Fauto%3Dformat%26fit%3Dcrop%26q%3D80%26w%3D1200&w=1920&q=75:0
[ 1251921ms] [LOG] [Fast Refresh] rebuilding @ http://localhost:3000/_next/static/chunks/0pqw_next_dist_1ijfce2._.js:776
[ 1252135ms] [WARNING] [Fast Refresh] performing full reload

Fast Refresh will perform a full reload when you edit a file that's imported by modules outside of the React rendering tree.
You might have a file which exports a React component but also exports a value that is imported by a non-React component file.
Consider migrating the non-React component export to a separate file and importing it into both files.

It is also possible the parent component of the component you edited is a class component, which disables Fast Refresh.
Fast Refresh requires at least one parent function component in your React tree. @ http://localhost:3000/_next/static/chunks/0pqw_next_dist_1ijfce2._.js:776
[ 1252213ms] [LOG] [Fast Refresh] done in 325ms @ http://localhost:3000/_next/static/chunks/0pqw_next_dist_1ijfce2._.js:776
[ 1252546ms] [INFO] %cDownload the React DevTools for a better development experience: https://react.dev/link/react-devtools font-weight:bold @ http://localhost:3000/_next/static/chunks/0pqw_next_dist_1ijfce2._.js:776
[ 1252549ms] [ERROR] eval() is not supported in this environment. If this page was served with a `Content-Security-Policy` header, make sure that `unsafe-eval` is included. React requires eval() in development mode for various debugging features like reconstructing callstacks from a different environment.
React will never use eval() in production mode @ http://localhost:3000/_next/static/chunks/0pqw_next_dist_1ijfce2._.js:1052
[ 1252579ms] [LOG] [HMR] connected @ http://localhost:3000/_next/static/chunks/0pqw_next_dist_1ijfce2._.js:776
[ 1252881ms] [ERROR] Failed to load resource: the server responded with a status of 404 (Not Found) @ http://localhost:3000/_next/image?url=https%3A%2F%2Fimages.unsplash.com%2Fphoto-1524178232363-1fb28f74b0cd%3Fauto%3Dformat%26fit%3Dcrop%26q%3D80%26w%3D1200&w=1920&q=75:0
[ 1275374ms] [LOG] [Fast Refresh] rebuilding @ http://localhost:3000/_next/static/chunks/0pqw_next_dist_1ijfce2._.js:776
[ 1275455ms] [LOG] [Fast Refresh] done in 156ms @ http://localhost:3000/_next/static/chunks/0pqw_next_dist_1ijfce2._.js:776
[ 1302823ms] [LOG] [Fast Refresh] done in 156ms @ http://localhost:3000/_next/static/chunks/0pqw_next_dist_1ijfce2._.js:776
[ 1303020ms] [LOG] [Fast Refresh] done in 156ms @ http://localhost:3000/_next/static/chunks/0pqw_next_dist_1ijfce2._.js:776
[ 1303282ms] [LOG] [Fast Refresh] rebuilding @ http://localhost:3000/_next/static/chunks/0pqw_next_dist_1ijfce2._.js:776
[ 1303670ms] [LOG] [Fast Refresh] done in 498ms @ http://localhost:3000/_next/static/chunks/0pqw_next_dist_1ijfce2._.js:776
[ 1303948ms] [LOG] [Fast Refresh] rebuilding @ http://localhost:3000/_next/static/chunks/0pqw_next_dist_1ijfce2._.js:776
[ 1304039ms] [LOG] [Fast Refresh] done in 196ms @ http://localhost:3000/_next/static/chunks/0pqw_next_dist_1ijfce2._.js:776
